[2026-09-08T19:53:05.548Z] [database] [auto] [getAppPermissions:neup.referrals] [IP: ::1] [Account: f18af8c5-5099-4234-8f78-10cf52f08038] [Signature: dd3627f713f1e0a24105e2d262bb282d]
Message: PrismaClientKnownRequestError: 
Invalid `prisma.application.findUnique()` invocation:


The column `application.usePermissionFrom` does not exist in the current database.
    at Jr.handleRequestError (/Users/neupkishor/Code/neupaccount/.next/dev/server/chunks/ssr/prisma_client_runtime_client_1oew9p5.js:7560:19)
    at Jr.handleAndLogRequestError (/Users/neupkishor/Code/neupaccount/.next/dev/server/chunks/ssr/prisma_client_runtime_client_1oew9p5.js:7523:18)
    at Jr.request (/Users/neupkishor/Code/neupaccount/.next/dev/server/chunks/ssr/prisma_client_runtime_client_1oew9p5.js:7504:18)
    at process.processTicksAndRejections (node:internal/process/task_queues:103:5)
    at async a (/Users/neupkishor/Code/neupaccount/.next/dev/server/chunks/ssr/prisma_client_runtime_client_1oew9p5.js:8227:25)
    at async resolvePermissionSourceId (/Users/neupkishor/Code/neupaccount/.next/dev/server/chunks/ssr/[root-of-the-server]__0qob-4a._.js:8963:21)
    at async getAppPermissions (/Users/neupkishor/Code/neupaccount/.next/dev/server/chunks/ssr/[root-of-the-server]__0qob-4a._.js:2530:24)
    at async ApplicationPermissionsPage (/Users/neupkishor/Code/neupaccount/.next/dev/server/chunks/ssr/[root-of-the-server]__219hz2f._.js:682:25)
--------------------------------------------------------------------------------
[2026-09-08T19:53:15.224Z] [database] [auto] [getAppPermissions:neup.referrals] [IP: ::1] [Account: f18af8c5-5099-4234-8f78-10cf52f08038] [Signature: dd3627f713f1e0a24105e2d262bb282d]
Message: PrismaClientKnownRequestError: 
Invalid `prisma.application.findUnique()` invocation:


The column `application.usePermissionFrom` does not exist in the current database.
    at Jr.handleRequestError (/Users/neupkishor/Code/neupaccount/.next/dev/server/chunks/ssr/prisma_client_runtime_client_1oew9p5.js:7560:19)
    at Jr.handleAndLogRequestError (/Users/neupkishor/Code/neupaccount/.next/dev/server/chunks/ssr/prisma_client_runtime_client_1oew9p5.js:7523:18)
    at Jr.request (/Users/neupkishor/Code/neupaccount/.next/dev/server/chunks/ssr/prisma_client_runtime_client_1oew9p5.js:7504:18)
    at process.processTicksAndRejections (node:internal/process/task_queues:103:5)
    at async a (/Users/neupkishor/Code/neupaccount/.next/dev/server/chunks/ssr/prisma_client_runtime_client_1oew9p5.js:8227:25)
    at async resolvePermissionSourceId (/Users/neupkishor/Code/neupaccount/.next/dev/server/chunks/ssr/[root-of-the-server]__0qob-4a._.js:8963:21)
    at async getAppPermissions (/Users/neupkishor/Code/neupaccount/.next/dev/server/chunks/ssr/[root-of-the-server]__0qob-4a._.js:2530:24)
    at async ApplicationPermissionsPage (file:///Users/neupkishor/Code/neupaccount/.next/dev/server/chunks/ssr/%5Broot-of-the-server%5D__219hz2f._.js?id=%5Bproject%5D/app/(manage)/application/_route-impl/permissions/page.tsx+%5Bapp-rsc%5D+(ecmascript):163:25)
--------------------------------------------------------------------------------
[2026-10-09T05:45:04.810Z] [database] [auto] [getUserProfile: f18af8c5-5099-4234-8f78-10cf52f08038] [IP: ::1] [Account: f18af8c5-5099-4234-8f78-10cf52f08038] [Signature: 1b01993712e520d425fe2507024867ec]
Message: RangeError: Invalid time value
    at Date1.toISOString (<anonymous>)
    at getUserProfile (/Users/neupkishor/Code/neupaccount/.next/dev/server/chunks/ssr/services_0qlonwt._.js:2130:68)
    at process.processTicksAndRejections (node:internal/process/task_queues:103:5)
    at async Promise.all (index 0)
    at async checkSession (/Users/neupkishor/Code/neupaccount/.next/dev/server/chunks/ssr/services_0qlonwt._.js:453:36)
    at async Layout (/Users/neupkishor/Code/neupaccount/.next/dev/server/chunks/ssr/_13dgx6b._.js:1022:21)
--------------------------------------------------------------------------------
[2026-10-09T05:45:06.605Z] [database] [auto] [getUserProfile: f18af8c5-5099-4234-8f78-10cf52f08038] [IP: ::1] [Account: f18af8c5-5099-4234-8f78-10cf52f08038] [Signature: 1b01993712e520d425fe2507024867ec]
Message: RangeError: Invalid time value
    at Date1.toISOString (<anonymous>)
    at getUserProfile (/Users/neupkishor/Code/neupaccount/.next/dev/server/chunks/services_0orrb51._.js:2130:68)
    at process.processTicksAndRejections (node:internal/process/task_queues:103:5)
    at async Promise.all (index 0)
    at async checkSession (/Users/neupkishor/Code/neupaccount/.next/dev/server/chunks/services_0orrb51._.js:453:36)
    at async GET (/Users/neupkishor/Code/neupaccount/.next/dev/server/chunks/_0dj9jsl._.js:682:24)
    at async AppRouteRouteModule.do (/Users/neupkishor/Code/neupaccount/node_modules/next/dist/compiled/next-server/app-route-turbo.runtime.dev.js:5:42793)
    at async AppRouteRouteModule.handle (/Users/neupkishor/Code/neupaccount/node_modules/next/dist/compiled/next-server/app-route-turbo.runtime.dev.js:5:50547)
    at async responseGenerator (/Users/neupkishor/Code/neupaccount/.next/dev/server/chunks/node_modules_next_0ahiti_._.js:5360:30)
    at async AppRouteRouteModule.handleResponse (/Users/neupkishor/Code/neupaccount/node_modules/next/dist/compiled/next-server/app-route-turbo.runtime.dev.js:1:250160)
    at async handleResponse (/Users/neupkishor/Code/neupaccount/.next/dev/server/chunks/node_modules_next_0ahiti_._.js:5432:32)
    at async Module.handler (/Users/neupkishor/Code/neupaccount/.next/dev/server/chunks/node_modules_next_0ahiti_._.js:5552:9)
    at async DevServer.renderToResponseWithComponentsImpl (/Users/neupkishor/Code/neupaccount/node_modules/next/dist/server/base-server.js:1537:9)
    at async DevServer.renderPageComponent (/Users/neupkishor/Code/neupaccount/node_modules/next/dist/server/base-server.js:1589:24)
    at async DevServer.renderToResponseImpl (/Users/neupkishor/Code/neupaccount/node_modules/next/dist/server/base-server.js:1639:32)
    at async DevServer.pipeImpl (/Users/neupkishor/Code/neupaccount/node_modules/next/dist/server/base-server.js:1088:25)
    at async NextNodeServer.handleCatchallRenderRequest (/Users/neupkishor/Code/neupaccount/node_modules/next/dist/server/next-server.js:338:17)
    at async DevServer.handleRequestImpl (/Users/neupkishor/Code/neupaccount/node_modules/next/dist/server/base-server.js:979:17)
    at async /Users/neupkishor/Code/neupaccount/node_modules/next/dist/server/dev/next-dev-server.js:426:20
    at async Span.traceAsyncFn (/Users/neupkishor/Code/neupaccount/node_modules/next/dist/trace/trace.js:164:20)
    at async DevServer.handleRequest (/Users/neupkishor/Code/neupaccount/node_modules/next/dist/server/dev/next-dev-server.js:422:24)
    at async invokeRender (/Users/neupkishor/Code/neupaccount/node_modules/next/dist/server/lib/router-server.js:306:21)
    at async handleRequest (/Users/neupkishor/Code/neupaccount/node_modules/next/dist/server/lib/router-server.js:508:24)
    at async requestHandlerImpl (/Users/neupkishor/Code/neupaccount/node_modules/next/dist/server/lib/router-server.js:565:13)
    at async Server.requestListener (/Users/neupkishor/Code/neupaccount/node_modules/next/dist/server/lib/start-server.js:225:13)
--------------------------------------------------------------------------------
[2026-10-09T05:45:06.610Z] [database] [auto] [getUserProfile: f18af8c5-5099-4234-8f78-10cf52f08038] [IP: ::1] [Account: f18af8c5-5099-4234-8f78-10cf52f08038] [Signature: 1b01993712e520d425fe2507024867ec]
Message: RangeError: Invalid time value
    at Date1.toISOString (<anonymous>)
    at getUserProfile (/Users/neupkishor/Code/neupaccount/.next/dev/server/chunks/services_0orrb51._.js:2130:68)
    at process.processTicksAndRejections (node:internal/process/task_queues:103:5)
    at async Promise.all (index 0)
    at async checkSession (/Users/neupkishor/Code/neupaccount/.next/dev/server/chunks/services_0orrb51._.js:453:36)
    at async GET (/Users/neupkishor/Code/neupaccount/.next/dev/server/chunks/_0dj9jsl._.js:682:24)
    at async AppRouteRouteModule.do (/Users/neupkishor/Code/neupaccount/node_modules/next/dist/compiled/next-server/app-route-turbo.runtime.dev.js:5:42793)
    at async AppRouteRouteModule.handle (/Users/neupkishor/Code/neupaccount/node_modules/next/dist/compiled/next-server/app-route-turbo.runtime.dev.js:5:50547)
    at async responseGenerator (/Users/neupkishor/Code/neupaccount/.next/dev/server/chunks/node_modules_next_0ahiti_._.js:5360:30)
    at async AppRouteRouteModule.handleResponse (/Users/neupkishor/Code/neupaccount/node_modules/next/dist/compiled/next-server/app-route-turbo.runtime.dev.js:1:250160)
    at async handleResponse (/Users/neupkishor/Code/neupaccount/.next/dev/server/chunks/node_modules_next_0ahiti_._.js:5432:32)
    at async Module.handler (/Users/neupkishor/Code/neupaccount/.next/dev/server/chunks/node_modules_next_0ahiti_._.js:5552:9)
    at async DevServer.renderToResponseWithComponentsImpl (/Users/neupkishor/Code/neupaccount/node_modules/next/dist/server/base-server.js:1537:9)
    at async DevServer.renderPageComponent (/Users/neupkishor/Code/neupaccount/node_modules/next/dist/server/base-server.js:1589:24)
    at async DevServer.renderToResponseImpl (/Users/neupkishor/Code/neupaccount/node_modules/next/dist/server/base-server.js:1639:32)
    at async DevServer.pipeImpl (/Users/neupkishor/Code/neupaccount/node_modules/next/dist/server/base-server.js:1088:25)
    at async NextNodeServer.handleCatchallRenderRequest (/Users/neupkishor/Code/neupaccount/node_modules/next/dist/server/next-server.js:338:17)
    at async DevServer.handleRequestImpl (/Users/neupkishor/Code/neupaccount/node_modules/next/dist/server/base-server.js:979:17)
    at async /Users/neupkishor/Code/neupaccount/node_modules/next/dist/server/dev/next-dev-server.js:426:20
    at async Span.traceAsyncFn (/Users/neupkishor/Code/neupaccount/node_modules/next/dist/trace/trace.js:164:20)
    at async DevServer.handleRequest (/Users/neupkishor/Code/neupaccount/node_modules/next/dist/server/dev/next-dev-server.js:422:24)
    at async invokeRender (/Users/neupkishor/Code/neupaccount/node_modules/next/dist/server/lib/router-server.js:306:21)
    at async handleRequest (/Users/neupkishor/Code/neupaccount/node_modules/next/dist/server/lib/router-server.js:508:24)
    at async requestHandlerImpl (/Users/neupkishor/Code/neupaccount/node_modules/next/dist/server/lib/router-server.js:565:13)
    at async Server.requestListener (/Users/neupkishor/Code/neupaccount/node_modules/next/dist/server/lib/start-server.js:225:13)
--------------------------------------------------------------------------------
